// Jest Snapshot v1, https://goo.gl/fbAQLP

exports[`Renders correct page based on URL 1`] = `
<main
  className="App"
>
  <section
    id="landing-page"
  >
    <div
      className="top-part"
    />
    <div
      className="bottom-part"
    >
      <h5
        className="caption"
      >
        What does your music says about you ?
      </h5>
      <h1
        className="title line-1"
      >
        Totally not
      </h1>
      <h1
        className="title line-2"
      >
        Last fm
      </h1>
      <div
        className="access-form"
      >
        <input
          id="access-input-form"
          placeholder="Enter your e-mail address"
          type="text"
        />
        <input
          type="button"
          value="Find out now"
        />
      </div>
    </div>
  </section>
</main>
`;
